main.c:95:5:main	88	static
main.c:198:6:SystemClock_Config	104	static
main.c:250:13:MX_CAN1_Init	8	static
main.c:287:13:MX_CRC_Init	8	static
main.c:313:13:MX_RTC_Init	8	static
main.c:366:13:MX_SDIO_SD_Init	4	static
main.c:392:13:MX_DMA_Init	16	static
main.c:413:13:MX_GPIO_Init	56	static
main.c:450:6:GetRtcSecond	8	static
main.c:471:9:InitBSP	8	static
main.c:494:9:InitToFile	4576	static
main.c:547:9:AppendToFile	4576	static
main.c:599:9:set_timestamp	320	static
main.c:612:6:BlinkLED	24	static
main.c:629:6:Error_Handler	4	static,ignoring_inline_asm
